BL51 BANKED LINKER/LOCATER V6.22                                                        10/25/2025  17:02:36  PAGE 1


BL51 BANKED LINKER/LOCATER V6.22, INVOKED BY:
D:\KEIL5\C51\BIN\BL51.EXE .\Objects\boebot.obj, .\Objects\motor.obj, .\Objects\uart.obj, .\Objects\ultrasonic.obj, .\Obj
>> ects\tcs230.obj, .\Objects\main.obj TO .\Objects\project PRINT (.\Listings\project.m51) RAMSIZE (256) DISABLEWARNING 
>> (16)


MEMORY MODEL: SMALL


INPUT MODULES INCLUDED:
  .\Objects\boebot.obj (BOEBOT)
  .\Objects\motor.obj (MOTOR)
  .\Objects\uart.obj (UART)
  .\Objects\ultrasonic.obj (ULTRASONIC)
  .\Objects\tcs230.obj (TCS230)
  .\Objects\main.obj (MAIN)
  D:\KEIL5\C51\LIB\C51S.LIB (?C_STARTUP)
  D:\KEIL5\C51\LIB\C51S.LIB (?C?UIDIV)
  D:\KEIL5\C51\LIB\C51S.LIB (?C?SLCMP)
  D:\KEIL5\C51\LIB\C51S.LIB (PRINTF)
  D:\KEIL5\C51\LIB\C51S.LIB (?C_INIT)
  D:\KEIL5\C51\LIB\C51S.LIB (?C?CLDPTR)
  D:\KEIL5\C51\LIB\C51S.LIB (?C?CLDOPTR)
  D:\KEIL5\C51\LIB\C51S.LIB (?C?CSTPTR)
  D:\KEIL5\C51\LIB\C51S.LIB (?C?PLDIIDATA)
  D:\KEIL5\C51\LIB\C51S.LIB (?C?CCASE)


LINK MAP OF MODULE:  .\Objects\project (BOEBOT)


            TYPE    BASE      LENGTH    RELOCATION   SEGMENT NAME
            -----------------------------------------------------

            * * * * * * *   D A T A   M E M O R Y   * * * * * * *
            REG     0000H     0008H     ABSOLUTE     "REG BANK 0"
            REG     0008H     0008H     ABSOLUTE     "REG BANK 1"
            DATA    0010H     000EH     UNIT         ?DT?TCS230
            DATA    001EH     0002H     UNIT         ?DT?TURN_BACK_R?MOTOR
            BIT     0020H.0   0001H.1   UNIT         _BIT_GROUP_
            BIT     0021H.1   0000H.2   UNIT         ?BI?UART
                    0021H.3   0000H.5                *** GAP ***
            DATA    0022H     0022H     UNIT         _DATA_GROUP_
            DATA    0044H     0021H     UNIT         ?DT?MAIN
            DATA    0065H     0006H     UNIT         ?DT?_FORWARD?MOTOR
            DATA    006BH     0004H     UNIT         ?DT?UART
            DATA    006FH     0003H     UNIT         ?DT?ULTRASONIC
            DATA    0072H     0001H     UNIT         ?DT?TURN_LEFT_150?MOTOR
            DATA    0073H     0001H     UNIT         ?DT?TURN_RIGHT_150?MOTOR
            DATA    0074H     0001H     UNIT         ?DT?FAST_TURN_RIGHT_90?MOTOR
            DATA    0075H     0001H     UNIT         ?DT?TEST_LED?TCS230
            IDATA   0076H     0010H     UNIT         ?ID?UART
            IDATA   0086H     0001H     UNIT         ?STACK

            * * * * * * *   C O D E   M E M O R Y   * * * * * * *
            CODE    0000H     0003H     ABSOLUTE     
            CODE    0003H     0006H     UNIT         ?PR?UART_INIT?UART
                    0009H     0002H                  *** GAP ***
BL51 BANKED LINKER/LOCATER V6.22                                                      10/25/2025  17:02:36  PAGE 2


            CODE    000BH     0003H     ABSOLUTE     
* OVERLAP * CODE    000BH     0003H     ABSOLUTE     
            CODE    000EH     0012H     UNIT         ?PR?T0_INIT?TCS230
            CODE    0020H     0003H     UNIT         ?PR?_FRQ_DELAY?BOEBOT
            CODE    0023H     0003H     ABSOLUTE     
            CODE    0026H     0E9FH     UNIT         ?PR?MAIN?MAIN
            CODE    0EC5H     035CH     UNIT         ?PR?PRINTF?PRINTF
            CODE    1221H     0249H     UNIT         ?PR?GET_COLOR?TCS230
            CODE    146AH     00FAH     UNIT         ?PR?TRACKING?MAIN
            CODE    1564H     00F9H     UNIT         ?C?LIB_CODE
            CODE    165DH     008CH     UNIT         ?C_C51STARTUP
            CODE    16E9H     0067H     UNIT         ?C_INITSEG
            CODE    1750H     004DH     UNIT         ?PR?COM_ISR?UART
            CODE    179DH     0038H     UNIT         ?PR?GETSONARDIS?ULTRASONIC
            CODE    17D5H     0036H     UNIT         ?PR?_FORWARD?MOTOR
            CODE    180BH     0036H     UNIT         ?PR?_TURN_CUSTOM?MOTOR
            CODE    1841H     0034H     UNIT         ?PR?TURN_BACK?MOTOR
            CODE    1875H     0034H     UNIT         ?PR?TURN_BACK_R?MOTOR
            CODE    18A9H     0032H     UNIT         ?PR?_TURN?MOTOR
            CODE    18DBH     002EH     UNIT         ?PR?_FAST_FORWARD?MOTOR
            CODE    1909H     002EH     UNIT         ?PR?_BACK?MOTOR
            CODE    1937H     002AH     UNIT         ?PR?TURN_LEFT_150?MOTOR
            CODE    1961H     002AH     UNIT         ?PR?TURN_LEFT_90?MOTOR
            CODE    198BH     002AH     UNIT         ?PR?TURN_LEFT_45?MOTOR
            CODE    19B5H     002AH     UNIT         ?PR?TURN_LEFT_120?MOTOR
            CODE    19DFH     002AH     UNIT         ?PR?TURN_RIGHT_150?MOTOR
            CODE    1A09H     002AH     UNIT         ?PR?TURN_RIGHT_90?MOTOR
            CODE    1A33H     002AH     UNIT         ?PR?TURN_RIGHT_45?MOTOR
            CODE    1A5DH     002AH     UNIT         ?PR?TURN_RIGHT_120?MOTOR
            CODE    1A87H     002AH     UNIT         ?PR?FAST_TURN_RIGHT_90?MOTOR
            CODE    1AB1H     0028H     UNIT         ?CO?TCS230
            CODE    1AD9H     0026H     UNIT         ?PR?_PUTBUF?UART
            CODE    1AFFH     0022H     UNIT         ?PR?C1MS_OUT?TCS230
            CODE    1B21H     0021H     UNIT         ?PR?_TURN_R?MOTOR
            CODE    1B42H     0021H     UNIT         ?PR?TEST_LED?TCS230
            CODE    1B63H     001DH     UNIT         ?PR?STOP?MOTOR
            CODE    1B80H     001CH     UNIT         ?PR?_DELAY_NMS?BOEBOT
            CODE    1B9CH     001CH     UNIT         ?PR?TIME2_INIT?TCS230
            CODE    1BB8H     001BH     UNIT         ?PR?COM_INITIALIZE?UART
            CODE    1BD3H     0017H     UNIT         ?PR?_GETKEY?UART
            CODE    1BEAH     0016H     UNIT         ?PR?_PUTCHAR?UART
            CODE    1C00H     0011H     UNIT         ?PR?_DELAY_NUS?BOEBOT
            CODE    1C11H     000FH     UNIT         ?PR?INITTIMER?ULTRASONIC
            CODE    1C20H     0003H     UNIT         ?PR?INTERRUPT?ULTRASONIC



OVERLAY MAP OF MODULE:   .\Objects\project (BOEBOT)


SEGMENT                                 BIT_GROUP          DATA_GROUP 
  +--> CALLED SEGMENT                START    LENGTH     START    LENGTH
------------------------------------------------------------------------
?C_C51STARTUP                        -----    -----      -----    -----
  +--> ?PR?MAIN?MAIN
  +--> ?C_INITSEG

BL51 BANKED LINKER/LOCATER V6.22                                                      10/25/2025  17:02:36  PAGE 3


?PR?MAIN?MAIN                        -----    -----      0022H    000BH
  +--> ?PR?UART_INIT?UART
  +--> ?PR?_DELAY_NMS?BOEBOT
  +--> ?PR?_FAST_FORWARD?MOTOR
  +--> ?PR?TRACKING?MAIN
  +--> ?PR?TURN_RIGHT_45?MOTOR
  +--> ?PR?TURN_LEFT_45?MOTOR
  +--> ?PR?TURN_RIGHT_90?MOTOR
  +--> ?PR?TURN_LEFT_90?MOTOR
  +--> ?PR?INITTIMER?ULTRASONIC
  +--> ?PR?GETSONARDIS?ULTRASONIC
  +--> ?PR?STOP?MOTOR
  +--> ?PR?GET_COLOR?TCS230
  +--> ?PR?_BACK?MOTOR
  +--> ?PR?TURN_BACK?MOTOR
  +--> ?PR?_TURN_R?MOTOR
  +--> ?PR?_TURN_CUSTOM?MOTOR
  +--> ?PR?TURN_RIGHT_120?MOTOR
  +--> ?PR?TURN_LEFT_120?MOTOR

?PR?UART_INIT?UART                   -----    -----      -----    -----
  +--> ?PR?COM_INITIALIZE?UART

?PR?_DELAY_NMS?BOEBOT                -----    -----      -----    -----
  +--> ?PR?_DELAY_NUS?BOEBOT

?PR?_FAST_FORWARD?MOTOR              -----    -----      002DH    0002H
  +--> ?PR?_DELAY_NUS?BOEBOT
  +--> ?PR?_DELAY_NMS?BOEBOT

?PR?TRACKING?MAIN                    -----    -----      -----    -----
  +--> ?PR?_FAST_FORWARD?MOTOR
  +--> ?PR?_TURN?MOTOR

?PR?_TURN?MOTOR                      -----    -----      002DH    0005H
  +--> ?PR?_DELAY_NUS?BOEBOT
  +--> ?PR?_DELAY_NMS?BOEBOT

?PR?TURN_RIGHT_45?MOTOR              -----    -----      002DH    0001H
  +--> ?PR?_DELAY_NUS?BOEBOT
  +--> ?PR?_DELAY_NMS?BOEBOT

?PR?TURN_LEFT_45?MOTOR               -----    -----      002DH    0001H
  +--> ?PR?_DELAY_NUS?BOEBOT
  +--> ?PR?_DELAY_NMS?BOEBOT

?PR?TURN_RIGHT_90?MOTOR              -----    -----      002DH    0001H
  +--> ?PR?_DELAY_NUS?BOEBOT
  +--> ?PR?_DELAY_NMS?BOEBOT

?PR?TURN_LEFT_90?MOTOR               -----    -----      002DH    0001H
  +--> ?PR?_DELAY_NUS?BOEBOT
  +--> ?PR?_DELAY_NMS?BOEBOT

?PR?GETSONARDIS?ULTRASONIC           -----    -----      002DH    0002H
  +--> ?PR?_DELAY_NUS?BOEBOT

BL51 BANKED LINKER/LOCATER V6.22                                                      10/25/2025  17:02:36  PAGE 4


?PR?STOP?MOTOR                       -----    -----      -----    -----
  +--> ?PR?_DELAY_NUS?BOEBOT
  +--> ?PR?_DELAY_NMS?BOEBOT

?PR?GET_COLOR?TCS230                 -----    -----      002DH    0003H
  +--> ?PR?T0_INIT?TCS230
  +--> ?PR?TIME2_INIT?TCS230
  +--> ?CO?TCS230
  +--> ?PR?PRINTF?PRINTF
  +--> ?PR?_DELAY_NMS?BOEBOT

?PR?PRINTF?PRINTF                    0020H.0  0001H.1    0030H    0014H
  +--> ?PR?_PUTCHAR?UART

?PR?_PUTCHAR?UART                    -----    -----      -----    -----
  +--> ?PR?_PUTBUF?UART

?PR?_BACK?MOTOR                      -----    -----      002DH    0002H
  +--> ?PR?_DELAY_NUS?BOEBOT
  +--> ?PR?_DELAY_NMS?BOEBOT

?PR?TURN_BACK?MOTOR                  -----    -----      002DH    0002H
  +--> ?PR?_DELAY_NUS?BOEBOT
  +--> ?PR?_DELAY_NMS?BOEBOT

?PR?_TURN_R?MOTOR                    -----    -----      002DH    0002H
  +--> ?PR?_DELAY_NUS?BOEBOT
  +--> ?PR?_DELAY_NMS?BOEBOT

?PR?_TURN_CUSTOM?MOTOR               -----    -----      002DH    0006H
  +--> ?PR?_DELAY_NUS?BOEBOT
  +--> ?PR?_DELAY_NMS?BOEBOT

?PR?TURN_RIGHT_120?MOTOR             -----    -----      002DH    0001H
  +--> ?PR?_DELAY_NUS?BOEBOT
  +--> ?PR?_DELAY_NMS?BOEBOT

?PR?TURN_LEFT_120?MOTOR              -----    -----      002DH    0001H
  +--> ?PR?_DELAY_NUS?BOEBOT
  +--> ?PR?_DELAY_NMS?BOEBOT



SYMBOL TABLE OF MODULE:  .\Objects\project (BOEBOT)

  VALUE           TYPE          NAME
  ----------------------------------

  -------         MODULE        BOEBOT
  C:0000H         SYMBOL        _ICE_DUMMY_
  C:0020H         PUBLIC        _Frq_delay
  C:1B80H         PUBLIC        _delay_nms
  C:1C00H         PUBLIC        _delay_nus
  -------         PROC          _DELAY_NUS
  D:0006H         SYMBOL        i
  C:1C00H         LINE#         2
  C:1C00H         LINE#         3
BL51 BANKED LINKER/LOCATER V6.22                                                      10/25/2025  17:02:36  PAGE 5


  C:1C00H         LINE#         4
  C:1C07H         LINE#         5
  C:1C10H         LINE#         6
  -------         ENDPROC       _DELAY_NUS
  -------         PROC          _DELAY_NMS
  D:0002H         SYMBOL        n
  C:1B80H         LINE#         7
  C:1B84H         LINE#         8
  C:1B84H         LINE#         9
  C:1B89H         LINE#         10
  C:1B92H         LINE#         11
  C:1B9BH         LINE#         12
  -------         ENDPROC       _DELAY_NMS
  -------         PROC          _FRQ_DELAY
  D:0007H         SYMBOL        i
  C:0020H         LINE#         14
  C:0020H         LINE#         15
  C:0020H         LINE#         16
  C:0022H         LINE#         17
  -------         ENDPROC       _FRQ_DELAY
  -------         ENDMOD        BOEBOT

  -------         MODULE        MOTOR
  C:0000H         SYMBOL        _ICE_DUMMY_
  D:0090H         PUBLIC        P1
  C:1875H         PUBLIC        turn_back_r
  C:1909H         PUBLIC        _back
  C:1A33H         PUBLIC        turn_right_45
  C:1A09H         PUBLIC        turn_right_90
  C:1B21H         PUBLIC        _turn_r
  C:198BH         PUBLIC        turn_left_45
  C:1961H         PUBLIC        turn_left_90
  C:1A87H         PUBLIC        fast_turn_right_90
  B:0090H.0       PUBLIC        right_moter
  B:0090H.1       PUBLIC        left_moter
  C:1841H         PUBLIC        turn_back
  C:1A5DH         PUBLIC        turn_right_120
  C:19DFH         PUBLIC        turn_right_150
  C:1B63H         PUBLIC        stop
  C:180BH         PUBLIC        _turn_custom
  C:18A9H         PUBLIC        _turn
  C:19B5H         PUBLIC        turn_left_120
  C:1937H         PUBLIC        turn_left_150
  C:17D5H         PUBLIC        _Forward
  C:18DBH         PUBLIC        _Fast_forward
  -------         PROC          STOP
  C:1B63H         LINE#         7
  C:1B63H         LINE#         8
  C:1B63H         LINE#         9
  C:1B65H         LINE#         10
  C:1B6CH         LINE#         11
  C:1B6EH         LINE#         13
  C:1B70H         LINE#         14
  C:1B77H         LINE#         15
  C:1B79H         LINE#         17
  -------         ENDPROC       STOP
  -------         PROC          _FAST_FORWARD
BL51 BANKED LINKER/LOCATER V6.22                                                      10/25/2025  17:02:36  PAGE 6


  D:002DH         SYMBOL        a
  -------         DO            
  D:002EH         SYMBOL        i
  -------         ENDDO         
  C:18DBH         LINE#         20
  C:18DDH         LINE#         21
  C:18DDH         LINE#         23
  C:18E7H         LINE#         24
  C:18E7H         LINE#         25
  C:18E9H         LINE#         26
  C:18F0H         LINE#         27
  C:18F2H         LINE#         29
  C:18F4H         LINE#         30
  C:18FBH         LINE#         31
  C:18FDH         LINE#         33
  C:1904H         LINE#         34
  C:1908H         LINE#         35
  -------         ENDPROC       _FAST_FORWARD
  -------         PROC          _FORWARD
  D:0065H         SYMBOL        left
  D:0067H         SYMBOL        right
  D:0069H         SYMBOL        a
  -------         DO            
  D:006AH         SYMBOL        i
  -------         ENDDO         
  C:17D5H         LINE#         37
  C:17DFH         LINE#         38
  C:17DFH         LINE#         40
  C:17E9H         LINE#         41
  C:17E9H         LINE#         42
  C:17EBH         LINE#         43
  C:17F2H         LINE#         44
  C:17F4H         LINE#         46
  C:17F6H         LINE#         47
  C:17FDH         LINE#         48
  C:17FFH         LINE#         50
  C:1806H         LINE#         51
  C:180AH         LINE#         52
  -------         ENDPROC       _FORWARD
  -------         PROC          _BACK
  D:002DH         SYMBOL        a
  -------         DO            
  D:002EH         SYMBOL        i
  -------         ENDDO         
  C:1909H         LINE#         54
  C:190BH         LINE#         55
  C:190BH         LINE#         57
  C:1915H         LINE#         58
  C:1915H         LINE#         59
  C:1917H         LINE#         60
  C:191EH         LINE#         61
  C:1920H         LINE#         63
  C:1922H         LINE#         64
  C:1929H         LINE#         65
  C:192BH         LINE#         67
  C:1932H         LINE#         68
  C:1936H         LINE#         69
BL51 BANKED LINKER/LOCATER V6.22                                                      10/25/2025  17:02:36  PAGE 7


  -------         ENDPROC       _BACK
  -------         PROC          _TURN
  D:002DH         SYMBOL        left
  D:002FH         SYMBOL        right
  -------         DO            
  D:0031H         SYMBOL        i
  -------         ENDDO         
  C:18A9H         LINE#         72
  C:18B1H         LINE#         73
  C:18B1H         LINE#         75
  C:18B4H         LINE#         76
  C:18B4H         LINE#         77
  C:18B6H         LINE#         78
  C:18BDH         LINE#         79
  C:18BFH         LINE#         81
  C:18C1H         LINE#         82
  C:18C8H         LINE#         83
  C:18CAH         LINE#         85
  C:18D1H         LINE#         86
  C:18DAH         LINE#         87
  -------         ENDPROC       _TURN
  -------         PROC          _TURN_CUSTOM
  D:002DH         SYMBOL        left
  D:002FH         SYMBOL        right
  D:0031H         SYMBOL        count
  -------         DO            
  D:0032H         SYMBOL        i
  -------         ENDDO         
  C:180BH         LINE#         89
  C:1815H         LINE#         90
  C:1815H         LINE#         92
  C:181FH         LINE#         93
  C:181FH         LINE#         94
  C:1821H         LINE#         95
  C:1828H         LINE#         96
  C:182AH         LINE#         98
  C:182CH         LINE#         99
  C:1833H         LINE#         100
  C:1835H         LINE#         102
  C:183CH         LINE#         103
  C:1840H         LINE#         104
  -------         ENDPROC       _TURN_CUSTOM
  -------         PROC          TURN_LEFT_150
  -------         DO            
  D:0072H         SYMBOL        i
  -------         ENDDO         
  C:1937H         LINE#         106
  C:1937H         LINE#         107
  C:1937H         LINE#         109
  C:193AH         LINE#         110
  C:193AH         LINE#         111
  C:193CH         LINE#         112
  C:1943H         LINE#         113
  C:1945H         LINE#         115
  C:1947H         LINE#         116
  C:194EH         LINE#         117
  C:1950H         LINE#         119
BL51 BANKED LINKER/LOCATER V6.22                                                      10/25/2025  17:02:36  PAGE 8


  C:1957H         LINE#         120
  C:1960H         LINE#         121
  -------         ENDPROC       TURN_LEFT_150
  -------         PROC          TURN_LEFT_90
  -------         DO            
  D:002DH         SYMBOL        i
  -------         ENDDO         
  C:1961H         LINE#         123
  C:1961H         LINE#         124
  C:1961H         LINE#         126
  C:1964H         LINE#         127
  C:1964H         LINE#         128
  C:1966H         LINE#         129
  C:196DH         LINE#         130
  C:196FH         LINE#         132
  C:1971H         LINE#         133
  C:1978H         LINE#         134
  C:197AH         LINE#         136
  C:1981H         LINE#         137
  C:198AH         LINE#         138
  -------         ENDPROC       TURN_LEFT_90
  -------         PROC          TURN_LEFT_45
  -------         DO            
  D:002DH         SYMBOL        i
  -------         ENDDO         
  C:198BH         LINE#         140
  C:198BH         LINE#         141
  C:198BH         LINE#         143
  C:198EH         LINE#         144
  C:198EH         LINE#         145
  C:1990H         LINE#         146
  C:1997H         LINE#         147
  C:1999H         LINE#         149
  C:199BH         LINE#         150
  C:19A2H         LINE#         151
  C:19A4H         LINE#         153
  C:19ABH         LINE#         154
  C:19B4H         LINE#         155
  -------         ENDPROC       TURN_LEFT_45
  -------         PROC          TURN_LEFT_120
  -------         DO            
  D:002DH         SYMBOL        i
  -------         ENDDO         
  C:19B5H         LINE#         157
  C:19B5H         LINE#         158
  C:19B5H         LINE#         160
  C:19B8H         LINE#         161
  C:19B8H         LINE#         162
  C:19BAH         LINE#         163
  C:19C1H         LINE#         164
  C:19C3H         LINE#         166
  C:19C5H         LINE#         167
  C:19CCH         LINE#         168
  C:19CEH         LINE#         170
  C:19D5H         LINE#         171
  C:19DEH         LINE#         172
  -------         ENDPROC       TURN_LEFT_120
BL51 BANKED LINKER/LOCATER V6.22                                                      10/25/2025  17:02:36  PAGE 9


  -------         PROC          TURN_RIGHT_150
  -------         DO            
  D:0073H         SYMBOL        i
  -------         ENDDO         
  C:19DFH         LINE#         174
  C:19DFH         LINE#         175
  C:19DFH         LINE#         177
  C:19E2H         LINE#         178
  C:19E2H         LINE#         179
  C:19E4H         LINE#         180
  C:19EBH         LINE#         181
  C:19EDH         LINE#         183
  C:19EFH         LINE#         184
  C:19F6H         LINE#         185
  C:19F8H         LINE#         187
  C:19FFH         LINE#         188
  C:1A08H         LINE#         189
  -------         ENDPROC       TURN_RIGHT_150
  -------         PROC          TURN_RIGHT_90
  -------         DO            
  D:002DH         SYMBOL        i
  -------         ENDDO         
  C:1A09H         LINE#         191
  C:1A09H         LINE#         192
  C:1A09H         LINE#         194
  C:1A0CH         LINE#         195
  C:1A0CH         LINE#         196
  C:1A0EH         LINE#         197
  C:1A15H         LINE#         198
  C:1A17H         LINE#         200
  C:1A19H         LINE#         201
  C:1A20H         LINE#         202
  C:1A22H         LINE#         204
  C:1A29H         LINE#         205
  C:1A32H         LINE#         206
  -------         ENDPROC       TURN_RIGHT_90
  -------         PROC          TURN_RIGHT_45
  -------         DO            
  D:002DH         SYMBOL        i
  -------         ENDDO         
  C:1A33H         LINE#         208
  C:1A33H         LINE#         209
  C:1A33H         LINE#         211
  C:1A36H         LINE#         212
  C:1A36H         LINE#         213
  C:1A38H         LINE#         214
  C:1A3FH         LINE#         215
  C:1A41H         LINE#         217
  C:1A43H         LINE#         218
  C:1A4AH         LINE#         219
  C:1A4CH         LINE#         221
  C:1A53H         LINE#         222
  C:1A5CH         LINE#         223
  -------         ENDPROC       TURN_RIGHT_45
  -------         PROC          TURN_RIGHT_120
  -------         DO            
  D:002DH         SYMBOL        i
BL51 BANKED LINKER/LOCATER V6.22                                                      10/25/2025  17:02:36  PAGE 10


  -------         ENDDO         
  C:1A5DH         LINE#         225
  C:1A5DH         LINE#         226
  C:1A5DH         LINE#         228
  C:1A60H         LINE#         229
  C:1A60H         LINE#         230
  C:1A62H         LINE#         231
  C:1A69H         LINE#         232
  C:1A6BH         LINE#         234
  C:1A6DH         LINE#         235
  C:1A74H         LINE#         236
  C:1A76H         LINE#         238
  C:1A7DH         LINE#         239
  C:1A86H         LINE#         240
  -------         ENDPROC       TURN_RIGHT_120
  -------         PROC          FAST_TURN_RIGHT_90
  -------         DO            
  D:0074H         SYMBOL        i
  -------         ENDDO         
  C:1A87H         LINE#         242
  C:1A87H         LINE#         243
  C:1A87H         LINE#         245
  C:1A8AH         LINE#         246
  C:1A8AH         LINE#         247
  C:1A8CH         LINE#         248
  C:1A93H         LINE#         249
  C:1A95H         LINE#         251
  C:1A97H         LINE#         252
  C:1A9EH         LINE#         253
  C:1AA0H         LINE#         255
  C:1AA7H         LINE#         256
  C:1AB0H         LINE#         257
  -------         ENDPROC       FAST_TURN_RIGHT_90
  -------         PROC          _TURN_R
  D:002DH         SYMBOL        left
  D:0004H         SYMBOL        right
  C:1B21H         LINE#         260
  C:1B25H         LINE#         261
  C:1B25H         LINE#         263
  C:1B27H         LINE#         264
  C:1B2EH         LINE#         265
  C:1B30H         LINE#         267
  C:1B32H         LINE#         268
  C:1B39H         LINE#         269
  C:1B3BH         LINE#         271
  -------         ENDPROC       _TURN_R
  -------         PROC          TURN_BACK
  -------         DO            
  D:002DH         SYMBOL        i
  -------         ENDDO         
  C:1841H         LINE#         275
  C:1841H         LINE#         276
  C:1841H         LINE#         278
  C:1846H         LINE#         279
  C:1846H         LINE#         280
  C:1848H         LINE#         281
  C:184FH         LINE#         282
BL51 BANKED LINKER/LOCATER V6.22                                                      10/25/2025  17:02:36  PAGE 11


  C:1851H         LINE#         284
  C:1853H         LINE#         285
  C:185AH         LINE#         286
  C:185CH         LINE#         288
  C:1863H         LINE#         289
  C:1874H         LINE#         290
  -------         ENDPROC       TURN_BACK
  -------         PROC          TURN_BACK_R
  -------         DO            
  D:001EH         SYMBOL        i
  -------         ENDDO         
  C:1875H         LINE#         292
  C:1875H         LINE#         293
  C:1875H         LINE#         295
  C:187AH         LINE#         296
  C:187AH         LINE#         297
  C:187CH         LINE#         298
  C:1883H         LINE#         299
  C:1885H         LINE#         301
  C:1887H         LINE#         302
  C:188EH         LINE#         303
  C:1890H         LINE#         305
  C:1897H         LINE#         306
  C:18A8H         LINE#         307
  -------         ENDPROC       TURN_BACK_R
  -------         ENDMOD        MOTOR

  -------         MODULE        UART
  C:0000H         SYMBOL        _ICE_DUMMY_
  B:00A8H.7       PUBLIC        EA
  I:0076H         PUBLIC        inbuf
  B:00A8H.4       PUBLIC        ES
  I:007EH         PUBLIC        outbuf
  C:1AD9H         PUBLIC        _putbuf
  D:006BH         PUBLIC        istart
  B:0098H.0       PUBLIC        RI
  B:0098H.1       PUBLIC        TI
  D:006CH         PUBLIC        ostart
  D:006DH         PUBLIC        iend
  D:006EH         PUBLIC        oend
  B:0021H.1       PUBLIC        sendactive
  D:0099H         PUBLIC        SBUF
  D:0098H         PUBLIC        SCON
  C:0003H         PUBLIC        uart_Init
  D:0089H         PUBLIC        TMOD
  D:008DH         PUBLIC        TH1
  B:0088H.6       PUBLIC        TR1
  C:1BB8H         PUBLIC        com_initialize
  B:0021H.2       PUBLIC        sendfull
  C:1BD3H         PUBLIC        _getkey
  C:1750H         SYMBOL        com_isr
  C:1BEAH         PUBLIC        _putchar
  -------         PROC          COM_ISR
  -------         DO            
  D:000FH         SYMBOL        c
  -------         ENDDO         
  C:1750H         LINE#         14
BL51 BANKED LINKER/LOCATER V6.22                                                      10/25/2025  17:02:36  PAGE 12


  C:1757H         LINE#         18
  C:175AH         LINE#         19
  C:175AH         LINE#         20
  C:175CH         LINE#         21
  C:175EH         LINE#         22
  C:176EH         LINE#         23
  C:176EH         LINE#         24
  C:177AH         LINE#         25
  C:177AH         LINE#         26
  C:177AH         LINE#         29
  C:177DH         LINE#         30
  C:177DH         LINE#         31
  C:177FH         LINE#         32
  C:1785H         LINE#         33
  C:1785H         LINE#         34
  C:1792H         LINE#         35
  C:1794H         LINE#         36
  C:1796H         LINE#         38
  C:1796H         LINE#         39
  C:1798H         LINE#         40
  C:1798H         LINE#         41
  C:1798H         LINE#         42
  -------         ENDPROC       COM_ISR
  -------         PROC          _PUTBUF
  D:0007H         SYMBOL        c
  C:1AD9H         LINE#         45
  C:1AD9H         LINE#         46
  C:1AD9H         LINE#         47
  C:1ADCH         LINE#         48
  C:1ADCH         LINE#         49
  C:1ADFH         LINE#         50
  C:1ADFH         LINE#         51
  C:1AE1H         LINE#         52
  C:1AE3H         LINE#         53
  C:1AE4H         LINE#         55
  C:1AE4H         LINE#         56
  C:1AE6H         LINE#         57
  C:1AF2H         LINE#         58
  C:1AFAH         LINE#         59
  C:1AFCH         LINE#         60
  C:1AFEH         LINE#         61
  C:1AFEH         LINE#         62
  C:1AFEH         LINE#         63
  -------         ENDPROC       _PUTBUF
  -------         PROC          _PUTCHAR
  D:0005H         SYMBOL        c
  C:1BEAH         LINE#         67
  C:1BECH         LINE#         68
  C:1BECH         LINE#         69
  C:1BEFH         LINE#         70
  C:1BEFH         LINE#         71
  C:1BF2H         LINE#         72
  C:1BF7H         LINE#         73
  C:1BF7H         LINE#         74
  C:1BFAH         LINE#         75
  C:1BFFH         LINE#         76
  C:1BFFH         LINE#         77
BL51 BANKED LINKER/LOCATER V6.22                                                      10/25/2025  17:02:36  PAGE 13


  -------         ENDPROC       _PUTCHAR
  -------         PROC          _GETKEY
  -------         DO            
  D:0007H         SYMBOL        c
  -------         ENDDO         
  C:1BD3H         LINE#         81
  C:1BD3H         LINE#         82
  C:1BD3H         LINE#         84
  C:1BD9H         LINE#         85
  C:1BD9H         LINE#         86
  C:1BDBH         LINE#         87
  C:1BE7H         LINE#         88
  C:1BE9H         LINE#         89
  C:1BE9H         LINE#         90
  -------         ENDPROC       _GETKEY
  -------         PROC          COM_INITIALIZE
  C:1BB8H         LINE#         93
  C:1BB8H         LINE#         94
  C:1BB8H         LINE#         95
  C:1BBBH         LINE#         96
  C:1BBDH         LINE#         97
  C:1BBFH         LINE#         98
  C:1BC1H         LINE#         99
  C:1BC3H         LINE#         100
  C:1BC5H         LINE#         102
  C:1BC8H         LINE#         103
  C:1BCBH         LINE#         104
  C:1BCDH         LINE#         105
  C:1BD0H         LINE#         106
  C:1BD2H         LINE#         107
  -------         ENDPROC       COM_INITIALIZE
  -------         PROC          UART_INIT
  C:0003H         LINE#         109
  C:0003H         LINE#         110
  C:0003H         LINE#         111
  C:0006H         LINE#         112
  C:0008H         LINE#         113
  -------         ENDPROC       UART_INIT
  -------         ENDMOD        UART

  -------         MODULE        ULTRASONIC
  C:0000H         SYMBOL        _ICE_DUMMY_
  B:00A8H.7       PUBLIC        EA
  B:00A0H.6       PUBLIC        P2_6
  B:00A0H.7       PUBLIC        P2_7
  C:1C11H         PUBLIC        InitTimer
  D:0089H         PUBLIC        TMOD
  B:00A8H.1       PUBLIC        ET0
  C:179DH         PUBLIC        GetSonarDis
  D:006FH         PUBLIC        timer_cnt
  D:0070H         PUBLIC        sonar_used_time
  D:008CH         PUBLIC        TH0
  D:008AH         PUBLIC        TL0
  C:1C20H         PUBLIC        Interrupt
  B:0088H.4       PUBLIC        TR0
  -------         PROC          INITTIMER
  C:1C11H         LINE#         17
BL51 BANKED LINKER/LOCATER V6.22                                                      10/25/2025  17:02:36  PAGE 14


  C:1C11H         LINE#         18
  C:1C11H         LINE#         19
  C:1C14H         LINE#         20
  C:1C17H         LINE#         21
  C:1C19H         LINE#         22
  C:1C1BH         LINE#         23
  C:1C1DH         LINE#         24
  C:1C1FH         LINE#         25
  -------         ENDPROC       INITTIMER
  -------         PROC          INTERRUPT
  C:1C20H         LINE#         29
  C:1C20H         LINE#         31
  C:1C22H         LINE#         32
  -------         ENDPROC       INTERRUPT
  -------         PROC          GETSONARDIS
  -------         DO            
  D:002DH         SYMBOL        dis
  D:0006H         SYMBOL        high
  D:0004H         SYMBOL        low
  -------         ENDDO         
  C:179DH         LINE#         38
  C:179DH         LINE#         39
  C:179DH         LINE#         40
  C:17A2H         LINE#         42
  C:17A6H         LINE#         44
  C:17A8H         LINE#         45
  C:17AEH         LINE#         46
  C:17B0H         LINE#         47
  C:17B3H         LINE#         48
  C:17B5H         LINE#         50
  C:17BBH         LINE#         51
  C:17BDH         LINE#         52
  C:17C1H         LINE#         53
  C:17C5H         LINE#         54
  C:17D4H         LINE#         55
  C:17D4H         LINE#         56
  -------         ENDPROC       GETSONARDIS
  -------         ENDMOD        ULTRASONIC

  -------         MODULE        TCS230
  C:0000H         SYMBOL        _ICE_DUMMY_
  D:00A0H         PUBLIC        P2
  B:00A8H.7       PUBLIC        EA
  D:0010H         PUBLIC        green
  B:0090H.3       PUBLIC        P1_3
  B:0098H.1       PUBLIC        TI
  D:00CBH         PUBLIC        RCAP2H
  B:00A0H.1       PUBLIC        s0
  B:00A0H.2       PUBLIC        s1
  B:00A0H.3       PUBLIC        s2
  B:00A0H.4       PUBLIC        s3
  D:00CAH         PUBLIC        RCAP2L
  D:0014H         PUBLIC        blue
  C:1AFFH         PUBLIC        c1ms_out
  D:0098H         PUBLIC        SCON
  D:0089H         PUBLIC        TMOD
  C:000EH         PUBLIC        t0_init
BL51 BANKED LINKER/LOCATER V6.22                                                      10/25/2025  17:02:36  PAGE 15


  D:0018H         PUBLIC        red
  C:1221H         PUBLIC        get_color
  B:00A8H.1       PUBLIC        ET0
  D:008CH         PUBLIC        TH0
  D:008DH         PUBLIC        TH1
  D:00CDH         PUBLIC        TH2
  D:008AH         PUBLIC        TL0
  D:008BH         PUBLIC        TL1
  D:00CCH         PUBLIC        TL2
  B:0088H.4       PUBLIC        TR0
  B:0088H.6       PUBLIC        TR1
  B:00C8H.2       PUBLIC        TR2
  C:1B42H         PUBLIC        test_led
  C:1B9CH         PUBLIC        Time2_init
  D:00C9H         PUBLIC        T2MOD
  D:00C8H         PUBLIC        T2CON
  D:001CH         PUBLIC        disp_tc
  -------         PROC          TIME2_INIT
  C:1B9CH         LINE#         21
  C:1B9CH         LINE#         22
  C:1B9CH         LINE#         23
  C:1B9EH         LINE#         24
  C:1BA1H         LINE#         25
  C:1BA4H         LINE#         26
  C:1BA7H         LINE#         27
  C:1BAAH         LINE#         28
  C:1BADH         LINE#         29
  C:1BB0H         LINE#         30
  C:1BB3H         LINE#         31
  C:1BB5H         LINE#         32
  C:1BB7H         LINE#         33
  -------         ENDPROC       TIME2_INIT
  -------         PROC          TEST_LED
  -------         DO            
  D:0075H         SYMBOL        i
  -------         ENDDO         
  C:1B42H         LINE#         33
  C:1B42H         LINE#         34
  C:1B42H         LINE#         36
  C:1B45H         LINE#         37
  C:1B45H         LINE#         38
  C:1B47H         LINE#         39
  C:1B4EH         LINE#         40
  C:1B50H         LINE#         41
  C:1B57H         LINE#         42
  C:1B60H         LINE#         43
  C:1B62H         LINE#         44
  -------         ENDPROC       TEST_LED
  -------         PROC          T0_INIT
  C:000EH         LINE#         46
  C:000EH         LINE#         47
  C:000EH         LINE#         48
  C:0011H         LINE#         50
  C:0014H         LINE#         51
  C:0017H         LINE#         53
  C:0019H         LINE#         54
  C:001BH         LINE#         55
BL51 BANKED LINKER/LOCATER V6.22                                                      10/25/2025  17:02:36  PAGE 16


  C:001DH         LINE#         56
  C:001FH         LINE#         57
  -------         ENDPROC       T0_INIT
  -------         PROC          C1MS_OUT
  C:1AFFH         LINE#         60
  C:1B03H         LINE#         62
  C:1B05H         LINE#         63
  C:1B07H         LINE#         65
  C:1B0FH         LINE#         66
  C:1B12H         LINE#         67
  C:1B18H         LINE#         69
  C:1B1AH         LINE#         70
  C:1B1CH         LINE#         72
  -------         ENDPROC       C1MS_OUT
  -------         PROC          GET_COLOR
  -------         DO            
  D:002DH         SYMBOL        i
  D:002EH         SYMBOL        color
  -------         ENDDO         
  C:1221H         LINE#         75
  C:1221H         LINE#         76
  C:1221H         LINE#         77
  C:1224H         LINE#         81
  C:1226H         LINE#         84
  C:122AH         LINE#         85
  C:122DH         LINE#         86
  C:1230H         LINE#         87
  C:123AH         LINE#         88
  C:123AH         LINE#         89
  C:123FH         LINE#         90
  C:1241H         LINE#         91
  C:1243H         LINE#         92
  C:124BH         LINE#         93
  C:124DH         LINE#         94
  C:124FH         LINE#         95
  C:1266H         LINE#         96
  C:1268H         LINE#         97
  C:126AH         LINE#         98
  C:126EH         LINE#         99
  C:1270H         LINE#         100
  C:1272H         LINE#         103
  C:1274H         LINE#         104
  C:1276H         LINE#         105
  C:127EH         LINE#         106
  C:1280H         LINE#         107
  C:1282H         LINE#         108
  C:1299H         LINE#         109
  C:129BH         LINE#         110
  C:129DH         LINE#         111
  C:12A1H         LINE#         112
  C:12A3H         LINE#         113
  C:12A5H         LINE#         116
  C:12A7H         LINE#         117
  C:12A9H         LINE#         118
  C:12B1H         LINE#         119
  C:12B3H         LINE#         120
  C:12B5H         LINE#         121
BL51 BANKED LINKER/LOCATER V6.22                                                      10/25/2025  17:02:36  PAGE 17


  C:12CCH         LINE#         122
  C:12CEH         LINE#         123
  C:12D0H         LINE#         124
  C:12D4H         LINE#         126
  C:1301H         LINE#         127
  C:1308H         LINE#         128
  C:130AH         LINE#         129
  C:130CH         LINE#         130
  C:130FH         LINE#         132
  C:133CH         LINE#         133
  C:1376H         LINE#         134
  C:137CH         LINE#         135
  C:137FH         LINE#         136
  C:13B9H         LINE#         137
  C:13BFH         LINE#         138
  C:13C2H         LINE#         139
  C:13FDH         LINE#         140
  C:1403H         LINE#         141
  C:1405H         LINE#         142
  C:1440H         LINE#         143
  C:1446H         LINE#         144
  C:1448H         LINE#         146
  C:1448H         LINE#         147
  C:144EH         LINE#         148
  C:145DH         LINE#         149
  C:145DH         LINE#         150
  C:145FH         LINE#         151
  C:1461H         LINE#         152
  C:1463H         LINE#         153
  C:1465H         LINE#         154
  C:1469H         LINE#         155
  -------         ENDPROC       GET_COLOR
  -------         ENDMOD        TCS230

  -------         MODULE        MAIN
  C:0000H         SYMBOL        _ICE_DUMMY_
  D:0080H         PUBLIC        P0
  D:0044H         PUBLIC        put_obj_count
  D:0045H         PUBLIC        flag_interval_step
  D:0046H         PUBLIC        flag_back
  D:0047H         PUBLIC        flag_stage
  D:0048H         PUBLIC        flag_track
  D:0049H         PUBLIC        flag_turn_r
  D:004AH         PUBLIC        flag
  D:004BH         PUBLIC        flag_right
  D:004CH         PUBLIC        color
  C:0026H         PUBLIC        main
  D:004EH         PUBLIC        flag_left
  D:004FH         PUBLIC        flag_obj
  D:0050H         PUBLIC        flag_con
  D:0051H         PUBLIC        flag_dis
  D:0052H         PUBLIC        step
  D:0054H         PUBLIC        flag_test_color
  D:0055H         PUBLIC        qtis
  D:0057H         PUBLIC        qtis_color
  D:0059H         PUBLIC        flag_turn
  D:005AH         PUBLIC        obj_count
BL51 BANKED LINKER/LOCATER V6.22                                                      10/25/2025  17:02:36  PAGE 18


  D:005BH         PUBLIC        flag_bw_back
  D:005CH         PUBLIC        take_obj_count
  D:005DH         PUBLIC        flag_put
  C:146AH         PUBLIC        tracking
  D:005EH         PUBLIC        flag_bw_color
  D:005FH         PUBLIC        flag_put_color
  D:0060H         PUBLIC        flag_obj_turn
  D:0061H         PUBLIC        flag_interval
  D:0062H         PUBLIC        turn_r_i
  D:0064H         PUBLIC        flag_black
  -------         PROC          MAIN
  -------         DO            
  D:0022H         SYMBOL        record
  D:0023H         SYMBOL        j
  D:0024H         SYMBOL        black_white_count
  D:0025H         SYMBOL        record_count
  D:0026H         SYMBOL        i
  D:0028H         SYMBOL        turn_r_count
  D:002AH         SYMBOL        ii
  D:002BH         SYMBOL        dis
  -------         ENDDO         
  C:0026H         LINE#         21
  C:0026H         LINE#         22
  C:0026H         LINE#         23
  C:002FH         LINE#         24
  C:0033H         LINE#         25
  C:0035H         LINE#         27
  C:0038H         LINE#         30
  C:003FH         LINE#         31
  C:0044H         LINE#         34
  C:0044H         LINE#         35
  C:0044H         LINE#         36
  C:0049H         LINE#         37
  C:0049H         LINE#         38
  C:004CH         LINE#         39
  C:004CH         LINE#         41
  C:0053H         LINE#         42
  C:0053H         LINE#         43
  C:0065H         LINE#         44
  C:0065H         LINE#         45
  C:0069H         LINE#         46
  C:006BH         LINE#         47
  C:009FH         LINE#         48
  C:009FH         LINE#         49
  C:00A1H         LINE#         50
  C:00A3H         LINE#         51
  C:00A7H         LINE#         52
  C:00ABH         LINE#         53
  C:00ADH         LINE#         54
  C:00B4H         LINE#         55
  C:00BEH         LINE#         56
  C:00C8H         LINE#         57
  C:00D2H         LINE#         58
  C:00DAH         LINE#         59
  C:00DAH         LINE#         61
  C:00E4H         LINE#         62
  C:00E4H         LINE#         63
BL51 BANKED LINKER/LOCATER V6.22                                                      10/25/2025  17:02:36  PAGE 19


  C:00E7H         LINE#         64
  C:00E9H         LINE#         66
  C:00E9H         LINE#         67
  C:00ECH         LINE#         68
  C:00EFH         LINE#         69
  C:00F2H         LINE#         70
  C:00F2H         LINE#         71
  C:00F5H         LINE#         72
  C:00F5H         LINE#         73
  C:00F5H         LINE#         75
  C:00FAH         LINE#         76
  C:00FAH         LINE#         77
  C:00FDH         LINE#         78
  C:0104H         LINE#         90
  C:0104H         LINE#         108
  C:0115H         LINE#         109
  C:0115H         LINE#         110
  C:0117H         LINE#         111
  C:011CH         LINE#         112
  C:011FH         LINE#         113
  C:0124H         LINE#         114
  C:0124H         LINE#         115
  C:0126H         LINE#         116
  C:0129H         LINE#         117
  C:0129H         LINE#         118
  C:0130H         LINE#         119
  C:0135H         LINE#         120
  C:0138H         LINE#         121
  C:013BH         LINE#         122
  C:013EH         LINE#         123
  C:013EH         LINE#         126
  C:0145H         LINE#         127
  C:0145H         LINE#         128
  C:0191H         LINE#         133
  C:0191H         LINE#         134
  C:0194H         LINE#         135
  C:0197H         LINE#         138
  C:01AFH         LINE#         139
  C:01AFH         LINE#         140
  C:01D2H         LINE#         141
  C:01D2H         LINE#         142
  C:01D5H         LINE#         143
  C:01DAH         LINE#         144
  C:01DDH         LINE#         145
  C:01E2H         LINE#         146
  C:01E5H         LINE#         147
  C:01E8H         LINE#         148
  C:01EAH         LINE#         149
  C:01EDH         LINE#         150
  C:01EFH         LINE#         151
  C:01F3H         LINE#         152
  C:01F5H         LINE#         153
  C:01F5H         LINE#         154
  C:01F5H         LINE#         157
  C:0200H         LINE#         158
  C:0200H         LINE#         159
  C:0214H         LINE#         160
BL51 BANKED LINKER/LOCATER V6.22                                                      10/25/2025  17:02:36  PAGE 20


  C:0214H         LINE#         161
  C:0216H         LINE#         162
  C:021BH         LINE#         163
  C:0220H         LINE#         164
  C:0220H         LINE#         165
  C:022BH         LINE#         166
  C:023EH         LINE#         167
  C:0241H         LINE#         168
  C:0246H         LINE#         169
  C:0249H         LINE#         170
  C:024CH         LINE#         171
  C:024EH         LINE#         172
  C:0251H         LINE#         173
  C:0253H         LINE#         174
  C:0257H         LINE#         175
  C:0259H         LINE#         176
  C:0259H         LINE#         178
  C:0273H         LINE#         179
  C:0273H         LINE#         180
  C:0275H         LINE#         181
  C:0279H         LINE#         182
  C:0279H         LINE#         183
  C:0284H         LINE#         184
  C:0297H         LINE#         185
  C:029AH         LINE#         186
  C:029FH         LINE#         187
  C:02A2H         LINE#         188
  C:02A5H         LINE#         189
  C:02A7H         LINE#         190
  C:02AAH         LINE#         191
  C:02ACH         LINE#         192
  C:02B0H         LINE#         193
  C:02B2H         LINE#         194
  C:02B2H         LINE#         195
  C:02B2H         LINE#         198
  C:02BAH         LINE#         199
  C:02BAH         LINE#         200
  C:02CDH         LINE#         201
  C:02CDH         LINE#         203
  C:02D0H         LINE#         204
  C:02D5H         LINE#         205
  C:02D8H         LINE#         206
  C:02DDH         LINE#         207
  C:02E0H         LINE#         208
  C:02E3H         LINE#         209
  C:02E5H         LINE#         210
  C:02E8H         LINE#         211
  C:02EAH         LINE#         212
  C:02EEH         LINE#         213
  C:02F0H         LINE#         214
  C:02F0H         LINE#         216
  C:030AH         LINE#         217
  C:030AH         LINE#         219
  C:030CH         LINE#         220
  C:030FH         LINE#         221
  C:0314H         LINE#         222
  C:0317H         LINE#         223
BL51 BANKED LINKER/LOCATER V6.22                                                      10/25/2025  17:02:36  PAGE 21


  C:031AH         LINE#         224
  C:031CH         LINE#         225
  C:031FH         LINE#         226
  C:0321H         LINE#         227
  C:0325H         LINE#         228
  C:0327H         LINE#         229
  C:0327H         LINE#         230
  C:0327H         LINE#         244
  C:0329H         LINE#         246
  C:0329H         LINE#         247
  C:032EH         LINE#         248
  C:0331H         LINE#         249
  C:0334H         LINE#         250
  C:0334H         LINE#         251
  C:0334H         LINE#         254
  C:033DH         LINE#         255
  C:033DH         LINE#         256
  C:0343H         LINE#         257
  C:0345H         LINE#         258
  C:037CH         LINE#         259
  C:037CH         LINE#         260
  C:037FH         LINE#         261
  C:0384H         LINE#         262
  C:0387H         LINE#         263
  C:0389H         LINE#         264
  C:038CH         LINE#         265
  C:038CH         LINE#         266
  C:038CH         LINE#         269
  C:03A2H         LINE#         270
  C:03A2H         LINE#         271
  C:03C1H         LINE#         272
  C:03C1H         LINE#         273
  C:03C6H         LINE#         274
  C:03C9H         LINE#         275
  C:03CCH         LINE#         276
  C:03D0H         LINE#         277
  C:03D2H         LINE#         278
  C:03D4H         LINE#         279
  C:03D4H         LINE#         280
  C:03D7H         LINE#         281
  C:03DAH         LINE#         282
  C:03EAH         LINE#         283
  C:03EAH         LINE#         284
  C:03F2H         LINE#         285
  C:03F2H         LINE#         286
  C:03F6H         LINE#         287
  C:03F8H         LINE#         288
  C:040EH         LINE#         289
  C:040EH         LINE#         290
  C:041BH         LINE#         291
  C:041DH         LINE#         292
  C:042AH         LINE#         293
  C:0434H         LINE#         294
  C:043CH         LINE#         295
  C:043CH         LINE#         296
  C:043EH         LINE#         297
  C:0448H         LINE#         298
BL51 BANKED LINKER/LOCATER V6.22                                                      10/25/2025  17:02:36  PAGE 22


  C:0448H         LINE#         299
  C:044BH         LINE#         300
  C:044DH         LINE#         302
  C:044DH         LINE#         303
  C:0450H         LINE#         304
  C:0453H         LINE#         305
  C:0455H         LINE#         306
  C:0455H         LINE#         307
  C:0458H         LINE#         308
  C:045AH         LINE#         309
  C:045AH         LINE#         310
  C:045AH         LINE#         312
  C:0470H         LINE#         313
  C:0470H         LINE#         314
  C:0475H         LINE#         315
  C:0477H         LINE#         316
  C:0477H         LINE#         318
  C:0480H         LINE#         319
  C:0480H         LINE#         320
  C:0494H         LINE#         321
  C:0494H         LINE#         322
  C:0498H         LINE#         323
  C:04AEH         LINE#         324
  C:04AEH         LINE#         325
  C:04B8H         LINE#         326
  C:04C5H         LINE#         327
  C:04CFH         LINE#         328
  C:04D9H         LINE#         329
  C:04E1H         LINE#         330
  C:04E1H         LINE#         331
  C:04E1H         LINE#         332
  C:04E1H         LINE#         333
  C:04E1H         LINE#         334
  C:04E1H         LINE#         337
  C:04E4H         LINE#         338
  C:04EDH         LINE#         339
  C:04EDH         LINE#         340
  C:04EDH         LINE#         341
  C:04EDH         LINE#         342
  C:04F2H         LINE#         343
  C:04F2H         LINE#         344
  C:04F5H         LINE#         345
  C:04F5H         LINE#         347
  C:0501H         LINE#         348
  C:0501H         LINE#         349
  C:0506H         LINE#         350
  C:0508H         LINE#         351
  C:050BH         LINE#         352
  C:0521H         LINE#         353
  C:0521H         LINE#         354
  C:0526H         LINE#         355
  C:052BH         LINE#         356
  C:0532H         LINE#         357
  C:0537H         LINE#         358
  C:053AH         LINE#         359
  C:053AH         LINE#         360
  C:053AH         LINE#         362
BL51 BANKED LINKER/LOCATER V6.22                                                      10/25/2025  17:02:36  PAGE 23


  C:054AH         LINE#         363
  C:054AH         LINE#         364
  C:0562H         LINE#         365
  C:0562H         LINE#         366
  C:0585H         LINE#         367
  C:0585H         LINE#         368
  C:0588H         LINE#         369
  C:058DH         LINE#         370
  C:0590H         LINE#         371
  C:0595H         LINE#         372
  C:0598H         LINE#         373
  C:059BH         LINE#         374
  C:059DH         LINE#         375
  C:05A2H         LINE#         376
  C:05A5H         LINE#         377
  C:05A7H         LINE#         378
  C:05A7H         LINE#         379
  C:05A7H         LINE#         381
  C:05B2H         LINE#         382
  C:05B2H         LINE#         383
  C:05C6H         LINE#         384
  C:05C6H         LINE#         385
  C:05C8H         LINE#         386
  C:05CDH         LINE#         387
  C:05D2H         LINE#         388
  C:05D2H         LINE#         389
  C:05DDH         LINE#         390
  C:05F0H         LINE#         391
  C:05F3H         LINE#         392
  C:05F8H         LINE#         393
  C:05FBH         LINE#         394
  C:05FEH         LINE#         395
  C:0600H         LINE#         396
  C:0605H         LINE#         397
  C:0608H         LINE#         398
  C:060AH         LINE#         399
  C:060AH         LINE#         402
  C:0624H         LINE#         403
  C:0624H         LINE#         404
  C:0626H         LINE#         405
  C:062AH         LINE#         406
  C:062AH         LINE#         407
  C:0635H         LINE#         408
  C:0648H         LINE#         409
  C:064BH         LINE#         410
  C:0650H         LINE#         411
  C:0653H         LINE#         412
  C:0656H         LINE#         413
  C:0658H         LINE#         414
  C:065DH         LINE#         415
  C:0660H         LINE#         416
  C:0662H         LINE#         417
  C:0662H         LINE#         418
  C:0662H         LINE#         420
  C:066AH         LINE#         421
  C:066AH         LINE#         422
  C:067DH         LINE#         423
BL51 BANKED LINKER/LOCATER V6.22                                                      10/25/2025  17:02:36  PAGE 24


  C:067DH         LINE#         425
  C:0680H         LINE#         426
  C:0685H         LINE#         427
  C:0688H         LINE#         428
  C:068DH         LINE#         429
  C:0690H         LINE#         430
  C:0693H         LINE#         431
  C:0695H         LINE#         432
  C:069AH         LINE#         433
  C:069DH         LINE#         434
  C:069FH         LINE#         435
  C:069FH         LINE#         437
  C:06B8H         LINE#         438
  C:06B8H         LINE#         440
  C:06BBH         LINE#         441
  C:06BEH         LINE#         442
  C:06C3H         LINE#         443
  C:06C6H         LINE#         444
  C:06C9H         LINE#         445
  C:06CBH         LINE#         446
  C:06D0H         LINE#         447
  C:06D3H         LINE#         448
  C:06D5H         LINE#         449
  C:06D7H         LINE#         450
  C:06D7H         LINE#         451
  C:06D7H         LINE#         452
  C:06D7H         LINE#         454
  C:06EBH         LINE#         455
  C:06EBH         LINE#         456
  C:06EFH         LINE#         457
  C:0705H         LINE#         458
  C:0705H         LINE#         459
  C:070FH         LINE#         460
  C:0719H         LINE#         461
  C:0720H         LINE#         462
  C:072AH         LINE#         463
  C:0732H         LINE#         464
  C:0732H         LINE#         465
  C:0737H         LINE#         466
  C:0737H         LINE#         467
  C:0744H         LINE#         468
  C:0747H         LINE#         469
  C:0747H         LINE#         470
  C:074CH         LINE#         471
  C:074CH         LINE#         472
  C:074CH         LINE#         473
  C:074CH         LINE#         474
  C:074CH         LINE#         478
  C:074FH         LINE#         479
  C:0752H         LINE#         480
  C:0754H         LINE#         481
  C:0757H         LINE#         482
  C:075AH         LINE#         483
  C:075CH         LINE#         484
  C:0765H         LINE#         485
  C:0765H         LINE#         486
  C:0765H         LINE#         487
BL51 BANKED LINKER/LOCATER V6.22                                                      10/25/2025  17:02:36  PAGE 25


  C:0765H         LINE#         489
  C:076AH         LINE#         490
  C:076AH         LINE#         491
  C:076DH         LINE#         492
  C:076DH         LINE#         494
  C:0772H         LINE#         495
  C:0772H         LINE#         496
  C:0775H         LINE#         497
  C:077CH         LINE#         498
  C:077CH         LINE#         501
  C:078CH         LINE#         502
  C:078CH         LINE#         503
  C:0791H         LINE#         504
  C:0794H         LINE#         505
  C:079BH         LINE#         506
  C:079EH         LINE#         507
  C:07A3H         LINE#         508
  C:07A6H         LINE#         509
  C:07A8H         LINE#         510
  C:07ABH         LINE#         511
  C:07ABH         LINE#         514
  C:07BDH         LINE#         515
  C:07BDH         LINE#         516
  C:07C2H         LINE#         517
  C:07C4H         LINE#         518
  C:07C4H         LINE#         520
  C:07C8H         LINE#         521
  C:07C8H         LINE#         522
  C:07D4H         LINE#         523
  C:07D4H         LINE#         524
  C:07D8H         LINE#         525
  C:07DAH         LINE#         526
  C:07F0H         LINE#         527
  C:07F0H         LINE#         528
  C:07FAH         LINE#         529
  C:0804H         LINE#         530
  C:080BH         LINE#         531
  C:0815H         LINE#         532
  C:081DH         LINE#         533
  C:081DH         LINE#         534
  C:0820H         LINE#         535
  C:0820H         LINE#         536
  C:0820H         LINE#         538
  C:0830H         LINE#         539
  C:0830H         LINE#         540
  C:0848H         LINE#         541
  C:0848H         LINE#         542
  C:086BH         LINE#         543
  C:086BH         LINE#         544
  C:086EH         LINE#         545
  C:0873H         LINE#         546
  C:0876H         LINE#         547
  C:087BH         LINE#         548
  C:087EH         LINE#         549
  C:0881H         LINE#         550
  C:0883H         LINE#         551
  C:0888H         LINE#         552
BL51 BANKED LINKER/LOCATER V6.22                                                      10/25/2025  17:02:36  PAGE 26


  C:088BH         LINE#         553
  C:088DH         LINE#         554
  C:088DH         LINE#         555
  C:088DH         LINE#         557
  C:0898H         LINE#         558
  C:0898H         LINE#         559
  C:08ACH         LINE#         560
  C:08ACH         LINE#         561
  C:08AEH         LINE#         562
  C:08B3H         LINE#         563
  C:08B8H         LINE#         564
  C:08B8H         LINE#         565
  C:08C3H         LINE#         566
  C:08D6H         LINE#         567
  C:08D9H         LINE#         568
  C:08DEH         LINE#         569
  C:08E1H         LINE#         570
  C:08E4H         LINE#         571
  C:08E6H         LINE#         572
  C:08EBH         LINE#         573
  C:08EEH         LINE#         574
  C:08F0H         LINE#         575
  C:08F0H         LINE#         578
  C:090AH         LINE#         579
  C:090AH         LINE#         580
  C:090CH         LINE#         581
  C:0910H         LINE#         582
  C:0910H         LINE#         583
  C:091BH         LINE#         584
  C:092EH         LINE#         585
  C:0931H         LINE#         586
  C:0936H         LINE#         587
  C:0939H         LINE#         588
  C:093CH         LINE#         589
  C:093EH         LINE#         590
  C:0943H         LINE#         591
  C:0946H         LINE#         592
  C:0948H         LINE#         593
  C:0948H         LINE#         594
  C:0948H         LINE#         596
  C:0950H         LINE#         597
  C:0950H         LINE#         598
  C:0963H         LINE#         599
  C:0963H         LINE#         601
  C:0966H         LINE#         602
  C:096BH         LINE#         603
  C:096EH         LINE#         604
  C:0973H         LINE#         605
  C:0976H         LINE#         606
  C:0979H         LINE#         607
  C:097BH         LINE#         608
  C:0980H         LINE#         609
  C:0983H         LINE#         610
  C:0985H         LINE#         611
  C:0985H         LINE#         613
  C:099EH         LINE#         614
  C:099EH         LINE#         616
BL51 BANKED LINKER/LOCATER V6.22                                                      10/25/2025  17:02:36  PAGE 27


  C:09A1H         LINE#         617
  C:09A4H         LINE#         618
  C:09A9H         LINE#         619
  C:09ACH         LINE#         620
  C:09AFH         LINE#         621
  C:09B1H         LINE#         622
  C:09B6H         LINE#         623
  C:09B9H         LINE#         624
  C:09BBH         LINE#         625
  C:09BBH         LINE#         626
  C:09BBH         LINE#         641
  C:09BBH         LINE#         643
  C:09C2H         LINE#         644
  C:09C2H         LINE#         645
  C:09D6H         LINE#         646
  C:09D6H         LINE#         647
  C:09D9H         LINE#         648
  C:09DDH         LINE#         649
  C:09F3H         LINE#         650
  C:09F3H         LINE#         651
  C:09FDH         LINE#         652
  C:0A07H         LINE#         653
  C:0A0EH         LINE#         654
  C:0A18H         LINE#         655
  C:0A20H         LINE#         656
  C:0A20H         LINE#         657
  C:0A25H         LINE#         658
  C:0A2EH         LINE#         659
  C:0A2EH         LINE#         660
  C:0A3BH         LINE#         661
  C:0A3EH         LINE#         662
  C:0A3EH         LINE#         663
  C:0A3EH         LINE#         664
  C:0A3EH         LINE#         665
  C:0A3EH         LINE#         666
  C:0A3EH         LINE#         667
  C:0A3EH         LINE#         671
  C:0A41H         LINE#         672
  C:0A43H         LINE#         673
  C:0A45H         LINE#         674
  C:0A48H         LINE#         675
  C:0A4AH         LINE#         676
  C:0A4EH         LINE#         677
  C:0A53H         LINE#         678
  C:0A55H         LINE#         679
  C:0A59H         LINE#         681
  C:0A5CH         LINE#         682
  C:0A5CH         LINE#         683
  C:0A5CH         LINE#         685
  C:0A61H         LINE#         686
  C:0A61H         LINE#         687
  C:0A64H         LINE#         688
  C:0A64H         LINE#         690
  C:0A6DH         LINE#         691
  C:0A6DH         LINE#         692
  C:0A71H         LINE#         693
  C:0A75H         LINE#         694
BL51 BANKED LINKER/LOCATER V6.22                                                      10/25/2025  17:02:36  PAGE 28


  C:0A75H         LINE#         695
  C:0A78H         LINE#         696
  C:0A7FH         LINE#         697
  C:0A8AH         LINE#         700
  C:0A9FH         LINE#         701
  C:0A9FH         LINE#         702
  C:0AA5H         LINE#         703
  C:0AABH         LINE#         704
  C:0AABH         LINE#         705
  C:0AB6H         LINE#         706
  C:0AB9H         LINE#         707
  C:0ABEH         LINE#         708
  C:0AC1H         LINE#         709
  C:0AC4H         LINE#         710
  C:0AC7H         LINE#         711
  C:0AC9H         LINE#         712
  C:0AC9H         LINE#         713
  C:0ACBH         LINE#         714
  C:0ACBH         LINE#         715
  C:0ADEH         LINE#         717
  C:0AE2H         LINE#         718
  C:0AE2H         LINE#         719
  C:0AE5H         LINE#         720
  C:0AE8H         LINE#         721
  C:0AEDH         LINE#         722
  C:0AEDH         LINE#         724
  C:0AF0H         LINE#         725
  C:0AF0H         LINE#         727
  C:0AFDH         LINE#         728
  C:0AFDH         LINE#         729
  C:0B00H         LINE#         730
  C:0B03H         LINE#         731
  C:0B05H         LINE#         733
  C:0B05H         LINE#         734
  C:0B08H         LINE#         735
  C:0B0BH         LINE#         736
  C:0B0BH         LINE#         738
  C:0B19H         LINE#         739
  C:0B19H         LINE#         740
  C:0B1DH         LINE#         741
  C:0B20H         LINE#         742
  C:0B25H         LINE#         743
  C:0B25H         LINE#         744
  C:0B2AH         LINE#         745
  C:0B34H         LINE#         746
  C:0B36H         LINE#         747
  C:0B3BH         LINE#         748
  C:0B3BH         LINE#         749
  C:0B40H         LINE#         750
  C:0B4DH         LINE#         751
  C:0B4DH         LINE#         752
  C:0B50H         LINE#         753
  C:0B50H         LINE#         755
  C:0B6BH         LINE#         756
  C:0B6BH         LINE#         757
  C:0B70H         LINE#         758
  C:0B75H         LINE#         759
BL51 BANKED LINKER/LOCATER V6.22                                                      10/25/2025  17:02:36  PAGE 29


  C:0B75H         LINE#         760
  C:0B7AH         LINE#         761
  C:0B7DH         LINE#         762
  C:0B7DH         LINE#         763
  C:0B7DH         LINE#         764
  C:0B7DH         LINE#         765
  C:0B7FH         LINE#         766
  C:0B84H         LINE#         767
  C:0B84H         LINE#         768
  C:0B89H         LINE#         769
  C:0B8CH         LINE#         770
  C:0B91H         LINE#         771
  C:0B94H         LINE#         772
  C:0B97H         LINE#         773
  C:0B97H         LINE#         774
  C:0B9AH         LINE#         775
  C:0B9AH         LINE#         777
  C:0BB5H         LINE#         778
  C:0BB5H         LINE#         779
  C:0BB8H         LINE#         780
  C:0BBFH         LINE#         781
  C:0BC7H         LINE#         782
  C:0BC7H         LINE#         783
  C:0BCAH         LINE#         784
  C:0BCAH         LINE#         785
  C:0BCDH         LINE#         786
  C:0BCFH         LINE#         788
  C:0BD3H         LINE#         789
  C:0BD5H         LINE#         790
  C:0BEBH         LINE#         791
  C:0BEBH         LINE#         792
  C:0BF5H         LINE#         793
  C:0BFFH         LINE#         794
  C:0C06H         LINE#         795
  C:0C10H         LINE#         796
  C:0C18H         LINE#         797
  C:0C18H         LINE#         798
  C:0C1BH         LINE#         799
  C:0C1BH         LINE#         801
  C:0C2BH         LINE#         802
  C:0C2BH         LINE#         803
  C:0C43H         LINE#         804
  C:0C43H         LINE#         805
  C:0C66H         LINE#         806
  C:0C66H         LINE#         807
  C:0C69H         LINE#         808
  C:0C6EH         LINE#         809
  C:0C71H         LINE#         810
  C:0C76H         LINE#         811
  C:0C79H         LINE#         812
  C:0C7CH         LINE#         813
  C:0C7EH         LINE#         814
  C:0C83H         LINE#         815
  C:0C85H         LINE#         816
  C:0C88H         LINE#         817
  C:0C8AH         LINE#         818
  C:0C8AH         LINE#         819
BL51 BANKED LINKER/LOCATER V6.22                                                      10/25/2025  17:02:36  PAGE 30


  C:0C8AH         LINE#         820
  C:0C95H         LINE#         821
  C:0C95H         LINE#         822
  C:0CA9H         LINE#         823
  C:0CA9H         LINE#         824
  C:0CABH         LINE#         825
  C:0CB0H         LINE#         826
  C:0CB5H         LINE#         827
  C:0CB5H         LINE#         828
  C:0CC0H         LINE#         829
  C:0CD3H         LINE#         830
  C:0CD6H         LINE#         831
  C:0CDBH         LINE#         832
  C:0CDEH         LINE#         833
  C:0CE1H         LINE#         834
  C:0CE3H         LINE#         835
  C:0CE8H         LINE#         836
  C:0CEAH         LINE#         837
  C:0CEDH         LINE#         838
  C:0CEFH         LINE#         839
  C:0CEFH         LINE#         842
  C:0D09H         LINE#         843
  C:0D09H         LINE#         844
  C:0D0BH         LINE#         845
  C:0D0FH         LINE#         846
  C:0D0FH         LINE#         847
  C:0D1AH         LINE#         848
  C:0D2DH         LINE#         849
  C:0D30H         LINE#         850
  C:0D35H         LINE#         851
  C:0D38H         LINE#         852
  C:0D3BH         LINE#         853
  C:0D3DH         LINE#         854
  C:0D42H         LINE#         855
  C:0D44H         LINE#         856
  C:0D47H         LINE#         857
  C:0D49H         LINE#         858
  C:0D49H         LINE#         859
  C:0D49H         LINE#         861
  C:0D51H         LINE#         862
  C:0D51H         LINE#         863
  C:0D64H         LINE#         864
  C:0D64H         LINE#         866
  C:0D67H         LINE#         867
  C:0D6CH         LINE#         868
  C:0D6FH         LINE#         869
  C:0D74H         LINE#         870
  C:0D77H         LINE#         871
  C:0D7AH         LINE#         872
  C:0D7CH         LINE#         873
  C:0D81H         LINE#         874
  C:0D83H         LINE#         875
  C:0D86H         LINE#         876
  C:0D88H         LINE#         877
  C:0D88H         LINE#         879
  C:0DA1H         LINE#         880
  C:0DA1H         LINE#         882
BL51 BANKED LINKER/LOCATER V6.22                                                      10/25/2025  17:02:36  PAGE 31


  C:0DA4H         LINE#         883
  C:0DA7H         LINE#         884
  C:0DACH         LINE#         885
  C:0DAFH         LINE#         886
  C:0DB2H         LINE#         887
  C:0DB4H         LINE#         888
  C:0DB9H         LINE#         889
  C:0DBBH         LINE#         890
  C:0DBEH         LINE#         891
  C:0DC0H         LINE#         892
  C:0DC0H         LINE#         893
  C:0DC0H         LINE#         944
  C:0DC0H         LINE#         946
  C:0DC6H         LINE#         947
  C:0DC6H         LINE#         948
  C:0DDAH         LINE#         949
  C:0DDAH         LINE#         950
  C:0DDDH         LINE#         951
  C:0DE1H         LINE#         952
  C:0DF7H         LINE#         953
  C:0DF7H         LINE#         954
  C:0DFEH         LINE#         955
  C:0E08H         LINE#         956
  C:0E0FH         LINE#         957
  C:0E1CH         LINE#         958
  C:0E24H         LINE#         959
  C:0E24H         LINE#         960
  C:0E24H         LINE#         961
  C:0E27H         LINE#         962
  C:0E2CH         LINE#         963
  C:0E2CH         LINE#         964
  C:0E2CH         LINE#         966
  C:0E32H         LINE#         967
  C:0E32H         LINE#         968
  C:0E34H         LINE#         969
  C:0E48H         LINE#         970
  C:0E48H         LINE#         971
  C:0E4BH         LINE#         972
  C:0E4FH         LINE#         973
  C:0E65H         LINE#         974
  C:0E65H         LINE#         975
  C:0E6FH         LINE#         976
  C:0E79H         LINE#         977
  C:0E80H         LINE#         978
  C:0E8AH         LINE#         979
  C:0E92H         LINE#         980
  C:0E92H         LINE#         981
  C:0E92H         LINE#         982
  C:0E97H         LINE#         983
  C:0E97H         LINE#         984
  C:0E97H         LINE#         986
  C:0EB9H         LINE#         987
  C:0EB9H         LINE#         988
  C:0EBDH         LINE#         989
  C:0EC0H         LINE#         990
  C:0EC0H         LINE#         991
  C:0EC0H         LINE#         992
BL51 BANKED LINKER/LOCATER V6.22                                                      10/25/2025  17:02:36  PAGE 32


  C:0EC0H         LINE#         993
  C:0EC0H         LINE#         994
  C:0EC0H         LINE#         995
  C:0EC3H         LINE#         996
  -------         ENDPROC       MAIN
  -------         PROC          TRACKING
  C:146AH         LINE#         999
  C:146AH         LINE#         1000
  C:146AH         LINE#         1001
  C:146DH         LINE#         1002
  C:1476H         LINE#         1003
  C:147FH         LINE#         1004
  C:1484H         LINE#         1005
  C:14D1H         LINE#         1006
  C:14D1H         LINE#         1007
  C:14DFH         LINE#         1008
  C:14E8H         LINE#         1009
  C:14FAH         LINE#         1010
  C:150CH         LINE#         1011
  C:1515H         LINE#         1012
  C:1528H         LINE#         1013
  C:1531H         LINE#         1014
  C:153AH         LINE#         1015
  C:1543H         LINE#         1016
  C:154CH         LINE#         1017
  C:1555H         LINE#         1018
  C:155EH         LINE#         1019
  C:1563H         LINE#         1020
  C:1563H         LINE#         1021
  -------         ENDPROC       TRACKING
  -------         ENDMOD        MAIN

  -------         MODULE        ?C?UIDIV
  C:1564H         PUBLIC        ?C?UIDIV
  -------         ENDMOD        ?C?UIDIV

  -------         MODULE        ?C?SLCMP
  C:15B9H         PUBLIC        ?C?SLCMP
  -------         ENDMOD        ?C?SLCMP

  -------         MODULE        PRINTF
  D:0030H         PUBLIC        ?_PRINTF517?BYTE
  D:0030H         PUBLIC        ?_PRINTF?BYTE
  D:0030H         PUBLIC        ?_SPRINTF517?BYTE
  D:0030H         PUBLIC        ?_SPRINTF?BYTE
  C:0F27H         PUBLIC        _PRINTF
  C:0F27H         PUBLIC        _PRINTF517
  C:0F21H         PUBLIC        _SPRINTF
  C:0F21H         PUBLIC        _SPRINTF517
  -------         ENDMOD        PRINTF

  -------         MODULE        ?C?CLDPTR
  C:15CFH         PUBLIC        ?C?CLDPTR
  -------         ENDMOD        ?C?CLDPTR

  -------         MODULE        ?C?CLDOPTR
  C:15E8H         PUBLIC        ?C?CLDOPTR
BL51 BANKED LINKER/LOCATER V6.22                                                      10/25/2025  17:02:36  PAGE 33


  -------         ENDMOD        ?C?CLDOPTR

  -------         MODULE        ?C?CSTPTR
  C:1615H         PUBLIC        ?C?CSTPTR
  -------         ENDMOD        ?C?CSTPTR

  -------         MODULE        ?C?PLDIIDATA
  C:1627H         PUBLIC        ?C?PLDIIDATA
  -------         ENDMOD        ?C?PLDIIDATA

  -------         MODULE        ?C?CCASE
  C:1637H         PUBLIC        ?C?CCASE
  -------         ENDMOD        ?C?CCASE

*** WARNING L5: CODE SPACE MEMORY OVERLAP
    FROM:    000BH
    TO:      000DH

Program Size: data=134.3 xdata=0 code=7204
LINK/LOCATE RUN COMPLETE.  1 WARNING(S),  0 ERROR(S)
